
  .   ____          _            __ _ _
 /\\ / ___'_ __ _ _(_)_ __  __ _ \ \ \ \
( ( )\___ | '_ | '_| | '_ \/ _` | \ \ \ \
 \\/  ___)| |_)| | | | | || (_| |  ) ) ) )
  '  |____| .__|_| |_|_| |_\__, | / / / /
 =========|_|==============|___/=/_/_/_/
 :: Spring Boot ::                (v3.2.5)

2026-10-03T01:31:39.208+08:00  INFO 10812 --- [xinyu-soulisle] [           main] com.xinyu.soulisle.SoulIsleApplication   : Starting SoulIsleApplication v1.7.0 using Java 17.0.20.1 with PID 10812 (C:\Users\37533\Desktop\workspace\项目\陪聊\server\target\soulisle-server.jar started by 37533 in C:\Users\37533\Desktop\workspace\项目\陪聊)
2026-10-03T01:31:39.211+08:00  INFO 10812 --- [xinyu-soulisle] [           main] com.xinyu.soulisle.SoulIsleApplication   : No active profile set, falling back to 1 default profile: "default"
2026-10-03T01:31:41.156+08:00  INFO 10812 --- [xinyu-soulisle] [           main] o.s.b.w.embedded.tomcat.TomcatWebServer  : Tomcat initialized with port 8123 (http)
2026-10-03T01:31:41.176+08:00  INFO 10812 --- [xinyu-soulisle] [           main] o.apache.catalina.core.StandardService   : Starting service [Tomcat]
2026-10-03T01:31:41.176+08:00  INFO 10812 --- [xinyu-soulisle] [           main] o.apache.catalina.core.StandardEngine    : Starting Servlet engine: [Apache Tomcat/10.1.20]
2026-10-03T01:31:41.239+08:00  INFO 10812 --- [xinyu-soulisle] [           main] o.a.c.c.C.[Tomcat].[localhost].[/]       : Initializing Spring embedded WebApplicationContext
2026-10-03T01:31:41.242+08:00  INFO 10812 --- [xinyu-soulisle] [           main] w.s.c.ServletWebServerApplicationContext : Root WebApplicationContext: initialization completed in 1913 ms
2026-10-03T01:31:41.698+08:00  INFO 10812 --- [xinyu-soulisle] [           main] com.zaxxer.hikari.HikariDataSource       : HikariPool-1 - Starting...
2026-10-03T01:31:42.092+08:00  INFO 10812 --- [xinyu-soulisle] [           main] com.zaxxer.hikari.pool.HikariPool        : HikariPool-1 - Added connection conn0: url=jdbc:h2:file:./server/data/xinyu user=SA
2026-10-03T01:31:42.095+08:00  INFO 10812 --- [xinyu-soulisle] [           main] com.zaxxer.hikari.HikariDataSource       : HikariPool-1 - Start completed.
2026-10-03T01:31:43.640+08:00  INFO 10812 --- [xinyu-soulisle] [           main] o.s.b.a.w.s.WelcomePageHandlerMapping    : Adding welcome page: URL [file:src/index.html]
2026-10-03T01:31:44.681+08:00  INFO 10812 --- [xinyu-soulisle] [           main] b.m.s.MybatisPlusApplicationContextAware : Register ApplicationContext instances org.springframework.boot.web.servlet.context.AnnotationConfigServletWebServerApplicationContext@49ff7d8c
2026-10-03T01:31:44.920+08:00  INFO 10812 --- [xinyu-soulisle] [           main] o.s.b.w.embedded.tomcat.TomcatWebServer  : Tomcat started on port 8123 (http) with context path ''
2026-10-03T01:31:44.942+08:00  INFO 10812 --- [xinyu-soulisle] [           main] com.xinyu.soulisle.SoulIsleApplication   : Started SoulIsleApplication in 6.442 seconds (process running for 7.271)
2026-10-03T01:32:02.675+08:00  INFO 10812 --- [xinyu-soulisle] [nio-8123-exec-1] o.a.c.c.C.[Tomcat].[localhost].[/]       : Initializing Spring DispatcherServlet 'dispatcherServlet'
2026-10-03T01:32:02.675+08:00  INFO 10812 --- [xinyu-soulisle] [nio-8123-exec-1] o.s.web.servlet.DispatcherServlet        : Initializing Servlet 'dispatcherServlet'
2026-10-03T01:32:02.676+08:00  INFO 10812 --- [xinyu-soulisle] [nio-8123-exec-1] o.s.web.servlet.DispatcherServlet        : Completed initialization in 1 ms
